../Core/Src/stm32f4xx_it.c:82:6:NMI_Handler	4	static
../Core/Src/stm32f4xx_it.c:97:6:HardFault_Handler	4	static
../Core/Src/stm32f4xx_it.c:112:6:MemManage_Handler	4	static
../Core/Src/stm32f4xx_it.c:127:6:BusFault_Handler	4	static
../Core/Src/stm32f4xx_it.c:142:6:UsageFault_Handler	4	static
../Core/Src/stm32f4xx_it.c:157:6:SVC_Handler	4	static
../Core/Src/stm32f4xx_it.c:170:6:DebugMon_Handler	4	static
../Core/Src/stm32f4xx_it.c:183:6:PendSV_Handler	4	static
../Core/Src/stm32f4xx_it.c:196:6:SysTick_Handler	8	static
../Core/Src/stm32f4xx_it.c:217:6:EXTI0_IRQHandler	8	static
../Core/Src/stm32f4xx_it.c:240:6:TIM1_UP_TIM10_IRQHandler	8	static
../Core/Src/stm32f4xx_it.c:255:6:SPI1_IRQHandler	8	static
../Core/Src/stm32f4xx_it.c:269:6:USART1_IRQHandler	8	static
../Core/Src/stm32f4xx_it.c:283:6:DMA2_Stream0_IRQHandler	8	static
../Core/Src/stm32f4xx_it.c:297:6:DMA2_Stream2_IRQHandler	8	static
../Core/Src/stm32f4xx_it.c:311:6:DMA2_Stream3_IRQHandler	8	static
../Core/Src/stm32f4xx_it.c:325:6:DMA2_Stream7_IRQHandler	8	static
../Core/Src/stm32f4xx_it.c:337:6:EXTI3_IRQHandler	8	static
../Core/Src/stm32f4xx_it.c:350:6:HAL_SPI_TxRxCpltCallback	16	static
../Core/Src/stm32f4xx_it.c:366:6:HAL_UARTEx_RxEventCallback	16	static
../Core/Src/stm32f4xx_it.c:372:6:HAL_UART_TxCpltCallback	16	static
../Core/Src/stm32f4xx_it.c:379:6:HAL_UART_ErrorCallback	16	static
