Archive member included to satisfy reference by file (symbol)

C:/ST/STM32CubeIDE_1.11.0/STM32CubeIDE/plugins/com.st.stm32cube.ide.mcu.externaltools.gnu-tools-for-stm32.13.3.rel1.win32_1.0.0.202411081344/tools/bin/../lib/gcc/arm-none-eabi/13.3.1/../../../../arm-none-eabi/lib/thumb/v7e-m+fp/hard\libc_nano.a(libc_a-exit.o)
                              C:/ST/STM32CubeIDE_1.11.0/STM32CubeIDE/plugins/com.st.stm32cube.ide.mcu.externaltools.gnu-tools-for-stm32.13.3.rel1.win32_1.0.0.202411081344/tools/bin/../lib/gcc/arm-none-eabi/13.3.1/../../../../arm-none-eabi/lib/thumb/v7e-m+fp/hard/crt0.o (exit)
C:/ST/STM32CubeIDE_1.11.0/STM32CubeIDE/plugins/com.st.stm32cube.ide.mcu.externaltools.gnu-tools-for-stm32.13.3.rel1.win32_1.0.0.202411081344/tools/bin/../lib/gcc/arm-none-eabi/13.3.1/../../../../arm-none-eabi/lib/thumb/v7e-m+fp/hard\libc_nano.a(libc_a-findfp.o)
                              C:/ST/STM32CubeIDE_1.11.0/STM32CubeIDE/plugins/com.st.stm32cube.ide.mcu.externaltools.gnu-tools-for-stm32.13.3.rel1.win32_1.0.0.202411081344/tools/bin/../lib/gcc/arm-none-eabi/13.3.1/../../../../arm-none-eabi/lib/thumb/v7e-m+fp/hard\libc_nano.a(libc_a-exit.o) (__stdio_exit_handler)
C:/ST/STM32CubeIDE_1.11.0/STM32CubeIDE/plugins/com.st.stm32cube.ide.mcu.externaltools.gnu-tools-for-stm32.13.3.rel1.win32_1.0.0.202411081344/tools/bin/../lib/gcc/arm-none-eabi/13.3.1/../../../../arm-none-eabi/lib/thumb/v7e-m+fp/hard\libc_nano.a(libc_a-fwalk.o)
                              C:/ST/STM32CubeIDE_1.11.0/STM32CubeIDE/plugins/com.st.stm32cube.ide.mcu.externaltools.gnu-tools-for-stm32.13.3.rel1.win32_1.0.0.202411081344/tools/bin/../lib/gcc/arm-none-eabi/13.3.1/../../../../arm-none-eabi/lib/thumb/v7e-m+fp/hard\libc_nano.a(libc_a-findfp.o) (_fwalk_sglue)
C:/ST/STM32CubeIDE_1.11.0/STM32CubeIDE/plugins/com.st.stm32cube.ide.mcu.externaltools.gnu-tools-for-stm32.13.3.rel1.win32_1.0.0.202411081344/tools/bin/../lib/gcc/arm-none-eabi/13.3.1/../../../../arm-none-eabi/lib/thumb/v7e-m+fp/hard\libc_nano.a(libc_a-stdio.o)
                              C:/ST/STM32CubeIDE_1.11.0/STM32CubeIDE/plugins/com.st.stm32cube.ide.mcu.externaltools.gnu-tools-for-stm32.13.3.rel1.win32_1.0.0.202411081344/tools/bin/../lib/gcc/arm-none-eabi/13.3.1/../../../../arm-none-eabi/lib/thumb/v7e-m+fp/hard\libc_nano.a(libc_a-findfp.o) (__sread)
C:/ST/STM32CubeIDE_1.11.0/STM32CubeIDE/plugins/com.st.stm32cube.ide.mcu.externaltools.gnu-tools-for-stm32.13.3.rel1.win32_1.0.0.202411081344/tools/bin/../lib/gcc/arm-none-eabi/13.3.1/../../../../arm-none-eabi/lib/thumb/v7e-m+fp/hard\libc_nano.a(libc_a-memset.o)
                              C:/ST/STM32CubeIDE_1.11.0/STM32CubeIDE/plugins/com.st.stm32cube.ide.mcu.externaltools.gnu-tools-for-stm32.13.3.rel1.win32_1.0.0.202411081344/tools/bin/../lib/gcc/arm-none-eabi/13.3.1/../../../../arm-none-eabi/lib/thumb/v7e-m+fp/hard/crt0.o (memset)
C:/ST/STM32CubeIDE_1.11.0/STM32CubeIDE/plugins/com.st.stm32cube.ide.mcu.externaltools.gnu-tools-for-stm32.13.3.rel1.win32_1.0.0.202411081344/tools/bin/../lib/gcc/arm-none-eabi/13.3.1/../../../../arm-none-eabi/lib/thumb/v7e-m+fp/hard\libc_nano.a(libc_a-closer.o)
                              C:/ST/STM32CubeIDE_1.11.0/STM32CubeIDE/plugins/com.st.stm32cube.ide.mcu.externaltools.gnu-tools-for-stm32.13.3.rel1.win32_1.0.0.202411081344/tools/bin/../lib/gcc/arm-none-eabi/13.3.1/../../../../arm-none-eabi/lib/thumb/v7e-m+fp/hard\libc_nano.a(libc_a-stdio.o) (_close_r)
C:/ST/STM32CubeIDE_1.11.0/STM32CubeIDE/plugins/com.st.stm32cube.ide.mcu.externaltools.gnu-tools-for-stm32.13.3.rel1.win32_1.0.0.202411081344/tools/bin/../lib/gcc/arm-none-eabi/13.3.1/../../../../arm-none-eabi/lib/thumb/v7e-m+fp/hard\libc_nano.a(libc_a-reent.o)
                              C:/ST/STM32CubeIDE_1.11.0/STM32CubeIDE/plugins/com.st.stm32cube.ide.mcu.externaltools.gnu-tools-for-stm32.13.3.rel1.win32_1.0.0.202411081344/tools/bin/../lib/gcc/arm-none-eabi/13.3.1/../../../../arm-none-eabi/lib/thumb/v7e-m+fp/hard\libc_nano.a(libc_a-closer.o) (errno)
C:/ST/STM32CubeIDE_1.11.0/STM32CubeIDE/plugins/com.st.stm32cube.ide.mcu.externaltools.gnu-tools-for-stm32.13.3.rel1.win32_1.0.0.202411081344/tools/bin/../lib/gcc/arm-none-eabi/13.3.1/../../../../arm-none-eabi/lib/thumb/v7e-m+fp/hard\libc_nano.a(libc_a-impure.o)
                              C:/ST/STM32CubeIDE_1.11.0/STM32CubeIDE/plugins/com.st.stm32cube.ide.mcu.externaltools.gnu-tools-for-stm32.13.3.rel1.win32_1.0.0.202411081344/tools/bin/../lib/gcc/arm-none-eabi/13.3.1/../../../../arm-none-eabi/lib/thumb/v7e-m+fp/hard\libc_nano.a(libc_a-reent.o) (_impure_ptr)
C:/ST/STM32CubeIDE_1.11.0/STM32CubeIDE/plugins/com.st.stm32cube.ide.mcu.externaltools.gnu-tools-for-stm32.13.3.rel1.win32_1.0.0.202411081344/tools/bin/../lib/gcc/arm-none-eabi/13.3.1/../../../../arm-none-eabi/lib/thumb/v7e-m+fp/hard\libc_nano.a(libc_a-lseekr.o)
[...]
Memory Configuration

Name             Origin             Length             Attributes
RAM              0x20000000         0x00020000         xrw
FLASH            0x08000000         0x00080000         xr
*default*        0x00000000         0xffffffff

Linker script and memory map

LOAD C:/ST/STM32CubeIDE_1.11.0/STM32CubeIDE/plugins/com.st.stm32cube.ide.mcu.externaltools.gnu-tools-for-stm32.13.3.rel1.win32_1.0.0.202411081344/tools/bin/../lib/gcc/arm-none-eabi/13.3.1/thumb/v7e-m+fp/hard/crti.o
LOAD C:/ST/STM32CubeIDE_1.11.0/STM32CubeIDE/plugins/com.st.stm32cube.ide.mcu.externaltools.gnu-tools-for-stm32.13.3.rel1.win32_1.0.0.202411081344/tools/bin/../lib/gcc/arm-none-eabi/13.3.1/thumb/v7e-m+fp/hard/crtbegin.o
LOAD C:/ST/STM32CubeIDE_1.11.0/STM32CubeIDE/plugins/com.st.stm32cube.ide.mcu.externaltools.gnu-tools-for-stm32.13.3.rel1.win32_1.0.0.202411081344/tools/bin/../lib/gcc/arm-none-eabi/13.3.1/../../../../arm-none-eabi/lib/thumb/v7e-m+fp/hard/crt0.o
LOAD ./Core/Src/ad7606.o
LOAD ./Core/Src/control_loop.o
LOAD ./Core/Src/fsm.o
LOAD ./Core/Src/main.o
LOAD ./Core/Src/modbus_rtu.o
LOAD ./Core/Src/pwm_control.o
LOAD ./Core/Src/stm32f4xx_hal_msp.o
LOAD ./Core/Src/stm32f4xx_it.o
LOAD ./Core/Src/syscalls.o
LOAD ./Core/Src/sysmem.o
LOAD ./Core/Src/system_stm32f4xx.o
LOAD ./Core/Startup/startup_stm32f411ceux.o
LOAD ./Drivers/STM32F4xx_HAL_Driver/Src/stm32f4xx_hal.o
LOAD ./Drivers/STM32F4xx_HAL_Driver/Src/stm32f4xx_hal_cortex.o
LOAD ./Drivers/STM32F4xx_HAL_Driver/Src/stm32f4xx_hal_dma.o
LOAD ./Drivers/STM32F4xx_HAL_Driver/Src/stm32f4xx_hal_dma_ex.o
LOAD ./Drivers/STM32F4xx_HAL_Driver/Src/stm32f4xx_hal_exti.o
LOAD ./Drivers/STM32F4xx_HAL_Driver/Src/stm32f4xx_hal_flash.o
LOAD ./Drivers/STM32F4xx_HAL_Driver/Src/stm32f4xx_hal_flash_ex.o
LOAD ./Drivers/STM32F4xx_HAL_Driver/Src/stm32f4xx_hal_flash_ramfunc.o
LOAD ./Drivers/STM32F4xx_HAL_Driver/Src/stm32f4xx_hal_gpio.o
LOAD ./Drivers/STM32F4xx_HAL_Driver/Src/stm32f4xx_hal_pwr.o
LOAD ./Drivers/STM32F4xx_HAL_Driver/Src/stm32f4xx_hal_pwr_ex.o
LOAD ./Drivers/STM32F4xx_HAL_Driver/Src/stm32f4xx_hal_rcc.o
LOAD ./Drivers/STM32F4xx_HAL_Driver/Src/stm32f4xx_hal_rcc_ex.o
LOAD ./Drivers/STM32F4xx_HAL_Driver/Src/stm32f4xx_hal_spi.o
LOAD ./Drivers/STM32F4xx_HAL_Driver/Src/stm32f4xx_hal_tim.o
LOAD ./Drivers/STM32F4xx_HAL_Driver/Src/stm32f4xx_hal_tim_ex.o
LOAD ./Drivers/STM32F4xx_HAL_Driver/Src/stm32f4xx_hal_uart.o
START GROUP
LOAD C:/ST/STM32CubeIDE_1.11.0/STM32CubeIDE/plugins/com.st.stm32cube.ide.mcu.externaltools.gnu-tools-for-stm32.13.3.rel1.win32_1.0.0.202411081344/tools/bin/../lib/gcc/arm-none-eabi/13.3.1/../../../../arm-none-eabi/lib/thumb/v7e-m+fp/hard\libc_nano.a
LOAD C:/ST/STM32CubeIDE_1.11.0/STM32CubeIDE/plugins/com.st.stm32cube.ide.mcu.externaltools.gnu-tools-for-stm32.13.3.rel1.win32_1.0.0.202411081344/tools/bin/../lib/gcc/arm-none-eabi/13.3.1/../../../../arm-none-eabi/lib/thumb/v7e-m+fp/hard\libm.a
END GROUP
START GROUP
LOAD C:/ST/STM32CubeIDE_1.11.0/STM32CubeIDE/plugins/com.st.stm32cube.ide.mcu.externaltools.gnu-tools-for-stm32.13.3.rel1.win32_1.0.0.202411081344/tools/bin/../lib/gcc/arm-none-eabi/13.3.1/thumb/v7e-m+fp/hard\libgcc.a
LOAD C:/ST/STM32CubeIDE_1.11.0/STM32CubeIDE/plugins/com.st.stm32cube.ide.mcu.externaltools.gnu-tools-for-stm32.13.3.rel1.win32_1.0.0.202411081344/tools/bin/../lib/gcc/arm-none-eabi/13.3.1/../../../../arm-none-eabi/lib/thumb/v7e-m+fp/hard\libc_nano.a
END GROUP
START GROUP
LOAD C:/ST/STM32CubeIDE_1.11.0/STM32CubeIDE/plugins/com.st.stm32cube.ide.mcu.externaltools.gnu-tools-for-stm32.13.3.rel1.win32_1.0.0.202411081344/tools/bin/../lib/gcc/arm-none-eabi/13.3.1/thumb/v7e-m+fp/hard\libgcc.a
LOAD C:/ST/STM32CubeIDE_1.11.0/STM32CubeIDE/plugins/com.st.stm32cube.ide.mcu.externaltools.gnu-tools-for-stm32.13.3.rel1.win32_1.0.0.202411081344/tools/bin/../lib/gcc/arm-none-eabi/13.3.1/../../../../arm-none-eabi/lib/thumb/v7e-m+fp/hard\libc_nano.a
LOAD C:/ST/STM32CubeIDE_1.11.0/STM32CubeIDE/plugins/com.st.stm32cube.ide.mcu.externaltools.gnu-tools-for-stm32.13.3.rel1.win32_1.0.0.202411081344/tools/bin/../lib/gcc/arm-none-eabi/13.3.1/../../../../arm-none-eabi/lib/thumb/v7e-m+fp/hard\libnosys.a
END GROUP
START GROUP
LOAD C:/ST/STM32CubeIDE_1.11.0/STM32CubeIDE/plugins/com.st.stm32cube.ide.mcu.externaltools.gnu-tools-for-stm32.13.3.rel1.win32_1.0.0.202411081344/tools/bin/../lib/gcc/arm-none-eabi/13.3.1/thumb/v7e-m+fp/hard\libgcc.a
LOAD C:/ST/STM32CubeIDE_1.11.0/STM32CubeIDE/plugins/com.st.stm32cube.ide.mcu.externaltools.gnu-tools-for-stm32.13.3.rel1.win32_1.0.0.202411081344/tools/bin/../lib/gcc/arm-none-eabi/13.3.1/../../../../arm-none-eabi/lib/thumb/v7e-m+fp/hard\libc_nano.a
LOAD C:/ST/STM32CubeIDE_1.11.0/STM32CubeIDE/plugins/com.st.stm32cube.ide.mcu.externaltools.gnu-tools-for-stm32.13.3.rel1.win32_1.0.0.202411081344/tools/bin/../lib/gcc/arm-none-eabi/13.3.1/../../../../arm-none-eabi/lib/thumb/v7e-m+fp/hard\libnosys.a
END GROUP
LOAD C:/ST/STM32CubeIDE_1.11.0/STM32CubeIDE/plugins/com.st.stm32cube.ide.mcu.externaltools.gnu-tools-for-stm32.13.3.rel1.win32_1.0.0.202411081344/tools/bin/../lib/gcc/arm-none-eabi/13.3.1/thumb/v7e-m+fp/hard/crtend.o
LOAD C:/ST/STM32CubeIDE_1.11.0/STM32CubeIDE/plugins/com.st.stm32cube.ide.mcu.externaltools.gnu-tools-for-stm32.13.3.rel1.win32_1.0.0.202411081344/tools/bin/../lib/gcc/arm-none-eabi/13.3.1/thumb/v7e-m+fp/hard/crtn.o
                0x20020000                        _estack = (ORIGIN (RAM) + LENGTH (RAM))
                0x00000200                        _Min_Heap_Size = 0x200
                0x00000400                        _Min_Stack_Size = 0x400

.isr_vector     0x08000000      0x198
                0x08000000                        . = ALIGN (0x4)
 *(.isr_vector)
 .isr_vector    0x08000000      0x198 ./Core/Startup/startup_stm32f411ceux.o
                0x08000000                g_pfnVectors
                0x08000198                        . = ALIGN (0x4)

.text           0x08000198     0x52fc
                0x08000198                        . = ALIGN (0x4)
 *(.text)
 .text          0x08000198       0x40 C:/ST/STM32CubeIDE_1.11.0/STM32CubeIDE/plugins/com.st.stm32cube.ide.mcu.externaltools.gnu-tools-for-stm32.13.3.rel1.win32_1.0.0.202411081344/tools/bin/../lib/gcc/arm-none-eabi/13.3.1/thumb/v7e-m+fp/hard/crtbegin.o
 .text          0x080001d8       0x30 C:/ST/STM32CubeIDE_1.11.0/STM32CubeIDE/plugins/com.st.stm32cube.ide.mcu.externaltools.gnu-tools-for-stm32.13.3.rel1.win32_1.0.0.202411081344/tools/bin/../lib/gcc/arm-none-eabi/13.3.1/thumb/v7e-m+fp/hard\libgcc.a(_aeabi_uldivmod.o)
                0x080001d8                __aeabi_uldivmod
 .text          0x08000208      0x2f8 C:/ST/STM32CubeIDE_1.11.0/STM32CubeIDE/plugins/com.st.stm32cube.ide.mcu.externaltools.gnu-tools-for-stm32.13.3.rel1.win32_1.0.0.202411081344/tools/bin/../lib/gcc/arm-none-eabi/13.3.1/thumb/v7e-m+fp/hard\libgcc.a(_udivmoddi4.o)
                0x08000208                __udivmoddi4
 .text          0x08000500        0x4 C:/ST/STM32CubeIDE_1.11.0/STM32CubeIDE/plugins/com.st.stm32cube.ide.mcu.externaltools.gnu-tools-for-stm32.13.3.rel1.win32_1.0.0.202411081344/tools/bin/../lib/gcc/arm-none-eabi/13.3.1/thumb/v7e-m+fp/hard\libgcc.a(_dvmd_tls.o)
                0x08000500                __aeabi_idiv0
                0x08000500                __aeabi_ldiv0
 *(.text*)
 .text.delay_short
                0x08000504       0x28 ./Core/Src/ad7606.o
 .text.AD7606_Init
                0x0800052c       0x40 ./Core/Src/ad7606.o
                0x0800052c                AD7606_Init
 .text.AD7606_Trigger
                0x0800056c       0x24 ./Core/Src/ad7606.o
                0x0800056c                AD7606_Trigger
 .text.AD7606_Start_DMA_Read
                0x08000590       0x30 ./Core/Src/ad7606.o
                0x08000590                AD7606_Start_DMA_Read
 .text.AD7606_End_DMA_Read
                0x080005c0       0x18 ./Core/Src/ad7606.o
                0x080005c0                AD7606_End_DMA_Read
 .text.AD7606_Process_Data
                0x080005d8       0x58 ./Core/Src/ad7606.o
                0x080005d8                AD7606_Process_Data
 .text.Control_UpdateLoop_ISR
                0x08000630       0x4c ./Core/Src/control_loop.o
                0x08000630                Control_UpdateLoop_ISR
 .text.FSM_Init
                0x0800067c       0x18 ./Core/Src/fsm.o
                0x0800067c                FSM_Init
 .text.FSM_GetCurrentState
                0x08000694       0x18 ./Core/Src/fsm.o
                0x08000694                FSM_GetCurrentState
 .text.FSM_SetState
                0x080006ac       0x20 ./Core/Src/fsm.o
                0x080006ac                FSM_SetState
 .text.FSM_Update
                0x080006cc       0x3c ./Core/Src/fsm.o
                0x080006cc                FSM_Update
 .text.main     0x08000708       0x3c ./Core/Src/main.o
                0x08000708                main
 .text.SystemClock_Config
                0x08000744       0xd0 ./Core/Src/main.o
                0x08000744                SystemClock_Config
 .text.MX_SPI1_Init
                0x08000814       0x70 ./Core/Src/main.o
 .text.MX_TIM1_Init
                0x08000884      0x140 ./Core/Src/main.o
 .text.MX_USART1_UART_Init
                0x080009c4       0x54 ./Core/Src/main.o
 .text.MX_DMA_Init
                0x08000a18       0x60 ./Core/Src/main.o
 .text.MX_GPIO_Init
                0x08000a78       0xf8 ./Core/Src/main.o
 .text.Error_Handler
                0x08000b70        0xc ./Core/Src/main.o
                0x08000b70                Error_Handler
 .text.Modbus_Rx_Callback
                0x08000b7c       0x38 ./Core/Src/modbus_rtu.o
                0x08000b7c                Modbus_Rx_Callback
 .text.PWM_Init
                0x08000bb4       0x2c ./Core/Src/pwm_control.o
                0x08000bb4                PWM_Init
 .text.PWM_Stop
                0x08000be0       0x24 ./Core/Src/pwm_control.o
                0x08000be0                PWM_Stop
 .text.PWM_SetDuty
                0x08000c04       0xc0 ./Core/Src/pwm_control.o
                0x08000c04                PWM_SetDuty
 .text.HAL_MspInit
                0x08000cc4       0x50 ./Core/Src/stm32f4xx_hal_msp.o
                0x08000cc4                HAL_MspInit
 .text.HAL_SPI_MspInit
                0x08000d14       0xf8 ./Core/Src/stm32f4xx_hal_msp.o
                0x08000d14                HAL_SPI_MspInit
 .text.HAL_TIM_Base_MspInit
                0x08000e0c       0x50 ./Core/Src/stm32f4xx_hal_msp.o
                0x08000e0c                HAL_TIM_Base_MspInit
 .text.HAL_TIM_MspPostInit
                0x08000e5c       0x74 ./Core/Src/stm32f4xx_hal_msp.o
                0x08000e5c                HAL_TIM_MspPostInit
 .text.HAL_UART_MspInit
                0x08000ed0      0x16c ./Core/Src/stm32f4xx_hal_msp.o
                0x08000ed0                HAL_UART_MspInit
 .text.NMI_Handler
                0x0800103c        0x8 ./Core/Src/stm32f4xx_it.o
                0x0800103c                NMI_Handler
 .text.HardFault_Handler
                0x08001044        0x8 ./Core/Src/stm32f4xx_it.o
                0x08001044                HardFault_Handler
 .text.MemManage_Handler
                0x0800104c        0x8 ./Core/Src/stm32f4xx_it.o
                0x0800104c                MemManage_Handler
 .text.BusFault_Handler
                0x08001054        0x8 ./Core/Src/stm32f4xx_it.o
                0x08001054                BusFault_Handler
 .text.UsageFault_Handler
                0x0800105c        0x8 ./Core/Src/stm32f4xx_it.o
                0x0800105c                UsageFault_Handler
 .text.SVC_Handler
                0x08001064        0xe ./Core/Src/stm32f4xx_it.o
                0x08001064                SVC_Handler
 .text.DebugMon_Handler
                0x08001072        0xe ./Core/Src/stm32f4xx_it.o
                0x08001072                DebugMon_Handler
 .text.PendSV_Handler
                0x08001080        0xe ./Core/Src/stm32f4xx_it.o
                0x08001080                PendSV_Handler
 .text.SysTick_Handler
                0x0800108e        0xc ./Core/Src/stm32f4xx_it.o
                0x0800108e                SysTick_Handler
 *fill*         0x0800109a        0x2 
 .text.EXTI0_IRQHandler
                0x0800109c       0x2c ./Core/Src/stm32f4xx_it.o
                0x0800109c                EXTI0_IRQHandler
 .text.EXTI1_IRQHandler
                0x080010c8       0x12 ./Core/Src/stm32f4xx_it.o
                0x080010c8                EXTI1_IRQHandler
 *fill*         0x080010da        0x2 
 .text.TIM1_UP_TIM10_IRQHandler
                0x080010dc       0x18 ./Core/Src/stm32f4xx_it.o
                0x080010dc                TIM1_UP_TIM10_IRQHandler
 .text.USART1_IRQHandler
                0x080010f4       0x14 ./Core/Src/stm32f4xx_it.o
                0x080010f4                USART1_IRQHandler
 .text.DMA2_Stream0_IRQHandler
                0x08001108       0x14 ./Core/Src/stm32f4xx_it.o
                0x08001108                DMA2_Stream0_IRQHandler
 .text.DMA2_Stream2_IRQHandler
                0x0800111c       0x14 ./Core/Src/stm32f4xx_it.o
                0x0800111c                DMA2_Stream2_IRQHandler
 .text.DMA2_Stream7_IRQHandler
                0x08001130       0x14 ./Core/Src/stm32f4xx_it.o
                0x08001130                DMA2_Stream7_IRQHandler
 .text.HAL_SPI_RxCpltCallback
                0x08001144       0x2c ./Core/Src/stm32f4xx_it.o
                0x08001144                HAL_SPI_RxCpltCallback
 .text.HAL_UARTEx_RxEventCallback
                0x08001170       0x2c ./Core/Src/stm32f4xx_it.o
                0x08001170                HAL_UARTEx_RxEventCallback
 .text.SystemInit
                0x0800119c       0x24 ./Core/Src/system_stm32f4xx.o
                0x0800119c                SystemInit
 .text.Reset_Handler
                0x080011c0       0x50 ./Core/Startup/startup_stm32f411ceux.o
                0x080011c0                Reset_Handler
 .text.Default_Handler
                0x08001210        0x2 ./Core/Startup/startup_stm32f411ceux.o
                0x08001210                RTC_Alarm_IRQHandler
                0x08001210                EXTI2_IRQHandler
                0x08001210                SPI4_IRQHandler
                0x08001210                TIM1_CC_IRQHandler
                0x08001210                DMA2_Stream5_IRQHandler
                0x08001210                DMA1_Stream5_IRQHandler
                0x08001210                PVD_IRQHandler
                0x08001210                SDIO_IRQHandler
                0x08001210                TAMP_STAMP_IRQHandler
                0x08001210                EXTI3_IRQHandler
                0x08001210                I2C3_ER_IRQHandler
                0x08001210                I2C2_EV_IRQHandler
                0x08001210                DMA1_Stream2_IRQHandler
                0x08001210                FPU_IRQHandler
                0x08001210                SPI1_IRQHandler
                0x08001210                TIM1_BRK_TIM9_IRQHandler
                0x08001210                DMA2_Stream3_IRQHandler
                0x08001210                USART6_IRQHandler
                0x08001210                TIM4_IRQHandler
                0x08001210                I2C1_EV_IRQHandler
                0x08001210                DMA1_Stream6_IRQHandler
                0x08001210                DMA1_Stream1_IRQHandler
                0x08001210                TIM3_IRQHandler
                0x08001210                RCC_IRQHandler
                0x08001210                Default_Handler
                0x08001210                EXTI15_10_IRQHandler
                0x08001210                ADC_IRQHandler
                0x08001210                DMA1_Stream7_IRQHandler
                0x08001210                SPI5_IRQHandler
                0x08001210                TIM5_IRQHandler
                0x08001210                I2C3_EV_IRQHandler
                0x08001210                EXTI9_5_IRQHandler
                0x08001210                RTC_WKUP_IRQHandler
                0x08001210                SPI2_IRQHandler
                0x08001210                DMA1_Stream0_IRQHandler
                0x08001210                EXTI4_IRQHandler
                0x08001210                WWDG_IRQHandler
                0x08001210                TIM2_IRQHandler
                0x08001210                OTG_FS_WKUP_IRQHandler
                0x08001210                TIM1_TRG_COM_TIM11_IRQHandler
                0x08001210                USART2_IRQHandler
                0x08001210                I2C2_ER_IRQHandler
                0x08001210                DMA2_Stream1_IRQHandler
                0x08001210                FLASH_IRQHandler
                0x08001210                DMA2_Stream4_IRQHandler
                0x08001210                OTG_FS_IRQHandler
                0x08001210                SPI3_IRQHandler
                0x08001210                DMA1_Stream4_IRQHandler
                0x08001210                I2C1_ER_IRQHandler
                0x08001210                DMA2_Stream6_IRQHandler
                0x08001210                DMA1_Stream3_IRQHandler
 *fill*         0x08001212        0x2 
 .text.HAL_Init
                0x08001214       0x44 ./Drivers/STM32F4xx_HAL_Driver/Src/stm32f4xx_hal.o
                0x08001214                HAL_Init
 .text.HAL_InitTick
                0x08001258       0x60 ./Drivers/STM32F4xx_HAL_Driver/Src/stm32f4xx_hal.o
                0x08001258                HAL_InitTick
 .text.HAL_IncTick
                0x080012b8       0x28 ./Drivers/STM32F4xx_HAL_Driver/Src/stm32f4xx_hal.o
                0x080012b8                HAL_IncTick
 .text.HAL_GetTick
                0x080012e0       0x18 ./Drivers/STM32F4xx_HAL_Driver/Src/stm32f4xx_hal.o
                0x080012e0                HAL_GetTick
 .text.HAL_Delay
                0x080012f8       0x48 ./Drivers/STM32F4xx_HAL_Driver/Src/stm32f4xx_hal.o
                0x080012f8                HAL_Delay
 .text.__NVIC_SetPriorityGrouping
                0x08001340       0x48 ./Drivers/STM32F4xx_HAL_Driver/Src/stm32f4xx_hal_cortex.o
 .text.__NVIC_GetPriorityGrouping
                0x08001388       0x1c ./Drivers/STM32F4xx_HAL_Driver/Src/stm32f4xx_hal_cortex.o
 .text.__NVIC_EnableIRQ
                0x080013a4       0x3c ./Drivers/STM32F4xx_HAL_Driver/Src/stm32f4xx_hal_cortex.o
 .text.__NVIC_SetPriority
                0x080013e0       0x54 ./Drivers/STM32F4xx_HAL_Driver/Src/stm32f4xx_hal_cortex.o
 .text.NVIC_EncodePriority
                0x08001434       0x66 ./Drivers/STM32F4xx_HAL_Driver/Src/stm32f4xx_hal_cortex.o
 *fill*         0x0800149a        0x2 
 .text.SysTick_Config
                0x0800149c       0x44 ./Drivers/STM32F4xx_HAL_Driver/Src/stm32f4xx_hal_cortex.o
 .text.HAL_NVIC_SetPriorityGrouping
                0x080014e0       0x16 ./Drivers/STM32F4xx_HAL_Driver/Src/stm32f4xx_hal_cortex.o
                0x080014e0                HAL_NVIC_SetPriorityGrouping
 .text.HAL_NVIC_SetPriority
                0x080014f6       0x38 ./Drivers/STM32F4xx_HAL_Driver/Src/stm32f4xx_hal_cortex.o
                0x080014f6                HAL_NVIC_SetPriority
 .text.HAL_NVIC_EnableIRQ
                0x0800152e       0x1c ./Drivers/STM32F4xx_HAL_Driver/Src/stm32f4xx_hal_cortex.o
                0x0800152e                HAL_NVIC_EnableIRQ
 .text.HAL_SYSTICK_Config
                0x0800154a       0x18 ./Drivers/STM32F4xx_HAL_Driver/Src/stm32f4xx_hal_cortex.o
                0x0800154a                HAL_SYSTICK_Config
 *fill*         0x08001562        0x2 
 .text.HAL_DMA_Init
                0x08001564      0x15c ./Drivers/STM32F4xx_HAL_Driver/Src/stm32f4xx_hal_dma.o
                0x08001564                HAL_DMA_Init
 .text.HAL_DMA_Start_IT
                0x080016c0       0xb0 ./Drivers/STM32F4xx_HAL_Driver/Src/stm32f4xx_hal_dma.o
                0x080016c0                HAL_DMA_Start_IT
 .text.HAL_DMA_Abort
                0x08001770       0xe0 ./Drivers/STM32F4xx_HAL_Driver/Src/stm32f4xx_hal_dma.o
                0x08001770                HAL_DMA_Abort
 .text.HAL_DMA_Abort_IT
                0x08001850       0x44 ./Drivers/STM32F4xx_HAL_Driver/Src/stm32f4xx_hal_dma.o
                0x08001850                HAL_DMA_Abort_IT
 .text.HAL_DMA_IRQHandler
                0x08001894      0x314 ./Drivers/STM32F4xx_HAL_Driver/Src/stm32f4xx_hal_dma.o
                0x08001894                HAL_DMA_IRQHandler
 .text.DMA_SetConfig
                0x08001ba8       0x5c ./Drivers/STM32F4xx_HAL_Driver/Src/stm32f4xx_hal_dma.o
 .text.DMA_CalcBaseAndBitshift
                0x08001c04       0x6c ./Drivers/STM32F4xx_HAL_Driver/Src/stm32f4xx_hal_dma.o
 .text.DMA_CheckFifoParam
                0x08001c70       0xf8 ./Drivers/STM32F4xx_HAL_Driver/Src/stm32f4xx_hal_dma.o
 .text.HAL_GPIO_Init
                0x08001d68      0x308 ./Drivers/STM32F4xx_HAL_Driver/Src/stm32f4xx_hal_gpio.o
                0x08001d68                HAL_GPIO_Init
 .text.HAL_GPIO_ReadPin
                0x08002070       0x30 ./Drivers/STM32F4xx_HAL_Driver/Src/stm32f4xx_hal_gpio.o
                0x08002070                HAL_GPIO_ReadPin
 .text.HAL_GPIO_WritePin
                0x080020a0       0x32 ./Drivers/STM32F4xx_HAL_Driver/Src/stm32f4xx_hal_gpio.o
                0x080020a0                HAL_GPIO_WritePin
 *fill*         0x080020d2        0x2 
 .text.HAL_GPIO_EXTI_IRQHandler
                0x080020d4       0x30 ./Drivers/STM32F4xx_HAL_Driver/Src/stm32f4xx_hal_gpio.o
                0x080020d4                HAL_GPIO_EXTI_IRQHandler
 .text.HAL_GPIO_EXTI_Callback
                0x08002104       0x16 ./Drivers/STM32F4xx_HAL_Driver/Src/stm32f4xx_hal_gpio.o
                0x08002104                HAL_GPIO_EXTI_Callback
 *fill*         0x0800211a        0x2 
 .text.HAL_RCC_OscConfig
                0x0800211c      0x4f0 ./Drivers/STM32F4xx_HAL_Driver/Src/stm32f4xx_hal_rcc.o
                0x0800211c                HAL_RCC_OscConfig
 .text.HAL_RCC_ClockConfig
                0x0800260c      0x1cc ./Drivers/STM32F4xx_HAL_Driver/Src/stm32f4xx_hal_rcc.o
                0x0800260c                HAL_RCC_ClockConfig
 .text.HAL_RCC_GetSysClockFreq
                0x080027d8      0x18c ./Drivers/STM32F4xx_HAL_Driver/Src/stm32f4xx_hal_rcc.o
                0x080027d8                HAL_RCC_GetSysClockFreq
 .text.HAL_RCC_GetHCLKFreq
                0x08002964       0x18 ./Drivers/STM32F4xx_HAL_Driver/Src/stm32f4xx_hal_rcc.o
                0x08002964                HAL_RCC_GetHCLKFreq
 .text.HAL_RCC_GetPCLK1Freq
                0x0800297c       0x28 ./Drivers/STM32F4xx_HAL_Driver/Src/stm32f4xx_hal_rcc.o
                0x0800297c                HAL_RCC_GetPCLK1Freq
 .text.HAL_RCC_GetPCLK2Freq
                0x080029a4       0x28 ./Drivers/STM32F4xx_HAL_Driver/Src/stm32f4xx_hal_rcc.o
                0x080029a4                HAL_RCC_GetPCLK2Freq
 .text.HAL_SPI_Init
                0x080029cc      0x112 ./Drivers/STM32F4xx_HAL_Driver/Src/stm32f4xx_hal_spi.o
                0x080029cc                HAL_SPI_Init
 *fill*         0x08002ade        0x2 
 .text.HAL_SPI_TransmitReceive_DMA
                0x08002ae0      0x1f8 ./Drivers/STM32F4xx_HAL_Driver/Src/stm32f4xx_hal_spi.o
                0x08002ae0                HAL_SPI_TransmitReceive_DMA
 .text.HAL_SPI_TxRxCpltCallback
                0x08002cd8       0x14 ./Drivers/STM32F4xx_HAL_Driver/Src/stm32f4xx_hal_spi.o
                0x08002cd8                HAL_SPI_TxRxCpltCallback
 .text.HAL_SPI_RxHalfCpltCallback
                0x08002cec       0x14 ./Drivers/STM32F4xx_HAL_Driver/Src/stm32f4xx_hal_spi.o
                0x08002cec                HAL_SPI_RxHalfCpltCallback
 .text.HAL_SPI_TxRxHalfCpltCallback
                0x08002d00       0x14 ./Drivers/STM32F4xx_HAL_Driver/Src/stm32f4xx_hal_spi.o
                0x08002d00                HAL_SPI_TxRxHalfCpltCallback
 .text.HAL_SPI_ErrorCallback
                0x08002d14       0x14 ./Drivers/STM32F4xx_HAL_Driver/Src/stm32f4xx_hal_spi.o
                0x08002d14                HAL_SPI_ErrorCallback
 .text.SPI_DMAReceiveCplt
                0x08002d28       0xa8 ./Drivers/STM32F4xx_HAL_Driver/Src/stm32f4xx_hal_spi.o
 .text.SPI_DMATransmitReceiveCplt
                0x08002dd0       0x90 ./Drivers/STM32F4xx_HAL_Driver/Src/stm32f4xx_hal_spi.o
 .text.SPI_DMAHalfReceiveCplt
                0x08002e60       0x1c ./Drivers/STM32F4xx_HAL_Driver/Src/stm32f4xx_hal_spi.o
 .text.SPI_DMAHalfTransmitReceiveCplt
                0x08002e7c       0x1c ./Drivers/STM32F4xx_HAL_Driver/Src/stm32f4xx_hal_spi.o
 .text.SPI_DMAError
                0x08002e98       0x40 ./Drivers/STM32F4xx_HAL_Driver/Src/stm32f4xx_hal_spi.o
 .text.SPI_WaitFlagStateUntilTimeout
                0x08002ed8      0x110 ./Drivers/STM32F4xx_HAL_Driver/Src/stm32f4xx_hal_spi.o
 .text.SPI_EndRxTransaction
                0x08002fe8       0xca ./Drivers/STM32F4xx_HAL_Driver/Src/stm32f4xx_hal_spi.o
 *fill*         0x080030b2        0x2 
 .text.SPI_EndRxTxTransaction
                0x080030b4       0xa8 ./Drivers/STM32F4xx_HAL_Driver/Src/stm32f4xx_hal_spi.o
 .text.HAL_TIM_Base_Init
                0x0800315c       0x9e ./Drivers/STM32F4xx_HAL_Driver/Src/stm32f4xx_hal_tim.o
                0x0800315c                HAL_TIM_Base_Init
 *fill*         0x080031fa        0x2 
 .text.HAL_TIM_Base_Start_IT
                0x080031fc       0xc4 ./Drivers/STM32F4xx_HAL_Driver/Src/stm32f4xx_hal_tim.o
                0x080031fc                HAL_TIM_Base_Start_IT
 .text.HAL_TIM_PWM_Init
                0x080032c0       0x9e ./Drivers/STM32F4xx_HAL_Driver/Src/stm32f4xx_hal_tim.o
                0x080032c0                HAL_TIM_PWM_Init
 .text.HAL_TIM_PWM_MspInit
                0x0800335e       0x14 ./Drivers/STM32F4xx_HAL_Driver/Src/stm32f4xx_hal_tim.o
                0x0800335e                HAL_TIM_PWM_MspInit
 *fill*         0x08003372        0x2 
 .text.HAL_TIM_PWM_Start
                0x08003374      0x160 ./Drivers/STM32F4xx_HAL_Driver/Src/stm32f4xx_hal_tim.o
                0x08003374                HAL_TIM_PWM_Start
 .text.HAL_TIM_IRQHandler
                0x080034d4      0x1e0 ./Drivers/STM32F4xx_HAL_Driver/Src/stm32f4xx_hal_tim.o
                0x080034d4                HAL_TIM_IRQHandler
 .text.HAL_TIM_PWM_ConfigChannel
                0x080036b4      0x184 ./Drivers/STM32F4xx_HAL_Driver/Src/stm32f4xx_hal_tim.o
                0x080036b4                HAL_TIM_PWM_ConfigChannel
 .text.HAL_TIM_ConfigClockSource
                0x08003838      0x18e ./Drivers/STM32F4xx_HAL_Driver/Src/stm32f4xx_hal_tim.o
                0x08003838                HAL_TIM_ConfigClockSource
 .text.HAL_TIM_PeriodElapsedCallback
                0x080039c6       0x14 ./Drivers/STM32F4xx_HAL_Driver/Src/stm32f4xx_hal_tim.o
                0x080039c6                HAL_TIM_PeriodElapsedCallback
 .text.HAL_TIM_OC_DelayElapsedCallback
                0x080039da       0x14 ./Drivers/STM32F4xx_HAL_Driver/Src/stm32f4xx_hal_tim.o
                0x080039da                HAL_TIM_OC_DelayElapsedCallback
 .text.HAL_TIM_IC_CaptureCallback
                0x080039ee       0x14 ./Drivers/STM32F4xx_HAL_Driver/Src/stm32f4xx_hal_tim.o
                0x080039ee                HAL_TIM_IC_CaptureCallback
 .text.HAL_TIM_PWM_PulseFinishedCallback
                0x08003a02       0x14 ./Drivers/STM32F4xx_HAL_Driver/Src/stm32f4xx_hal_tim.o
                0x08003a02                HAL_TIM_PWM_PulseFinishedCallback
 .text.HAL_TIM_TriggerCallback
                0x08003a16       0x14 ./Drivers/STM32F4xx_HAL_Driver/Src/stm32f4xx_hal_tim.o
                0x08003a16                HAL_TIM_TriggerCallback
 *fill*         0x08003a2a        0x2 
 .text.TIM_Base_SetConfig
                0x08003a2c      0x10c ./Drivers/STM32F4xx_HAL_Driver/Src/stm32f4xx_hal_tim.o
                0x08003a2c                TIM_Base_SetConfig
 .text.TIM_OC1_SetConfig
                0x08003b38       0xcc ./Drivers/STM32F4xx_HAL_Driver/Src/stm32f4xx_hal_tim.o
 .text.TIM_OC2_SetConfig
                0x08003c04       0xd8 ./Drivers/STM32F4xx_HAL_Driver/Src/stm32f4xx_hal_tim.o
                0x08003c04                TIM_OC2_SetConfig
 .text.TIM_OC3_SetConfig
                0x08003cdc       0xd4 ./Drivers/STM32F4xx_HAL_Driver/Src/stm32f4xx_hal_tim.o
 .text.TIM_OC4_SetConfig
                0x08003db0       0xa0 ./Drivers/STM32F4xx_HAL_Driver/Src/stm32f4xx_hal_tim.o
 .text.TIM_TI1_ConfigInputStage
                0x08003e50       0x5e ./Drivers/STM32F4xx_HAL_Driver/Src/stm32f4xx_hal_tim.o
 .text.TIM_TI2_ConfigInputStage
                0x08003eae       0x60 ./Drivers/STM32F4xx_HAL_Driver/Src/stm32f4xx_hal_tim.o
 .text.TIM_ITRx_SetConfig
                0x08003f0e       0x36 ./Drivers/STM32F4xx_HAL_Driver/Src/stm32f4xx_hal_tim.o
 .text.TIM_ETR_SetConfig
                0x08003f44       0x40 ./Drivers/STM32F4xx_HAL_Driver/Src/stm32f4xx_hal_tim.o
                0x08003f44                TIM_ETR_SetConfig
 .text.TIM_CCxChannelCmd
                0x08003f84       0x4a ./Drivers/STM32F4xx_HAL_Driver/Src/stm32f4xx_hal_tim.o
                0x08003f84                TIM_CCxChannelCmd
 *fill*         0x08003fce        0x2 
 .text.HAL_TIMEx_MasterConfigSynchronization
                0x08003fd0       0xdc ./Drivers/STM32F4xx_HAL_Driver/Src/stm32f4xx_hal_tim_ex.o
                0x08003fd0                HAL_TIMEx_MasterConfigSynchronization
 .text.HAL_TIMEx_ConfigBreakDeadTime
                0x080040ac       0xa4 ./Drivers/STM32F4xx_HAL_Driver/Src/stm32f4xx_hal_tim_ex.o
                0x080040ac                HAL_TIMEx_ConfigBreakDeadTime
 .text.HAL_TIMEx_CommutCallback
                0x08004150       0x14 ./Drivers/STM32F4xx_HAL_Driver/Src/stm32f4xx_hal_tim_ex.o
                0x08004150                HAL_TIMEx_CommutCallback
 .text.HAL_TIMEx_BreakCallback
                0x08004164       0x14 ./Drivers/STM32F4xx_HAL_Driver/Src/stm32f4xx_hal_tim_ex.o
                0x08004164                HAL_TIMEx_BreakCallback
 .text.HAL_UART_Init
                0x08004178       0xa0 ./Drivers/STM32F4xx_HAL_Driver/Src/stm32f4xx_hal_uart.o
                0x08004178                HAL_UART_Init
 .text.HAL_UARTEx_ReceiveToIdle_DMA
                0x08004218       0xb2 ./Drivers/STM32F4xx_HAL_Driver/Src/stm32f4xx_hal_uart.o
                0x08004218                HAL_UARTEx_ReceiveToIdle_DMA
 *fill*         0x080042ca        0x2 
 .text.HAL_UART_IRQHandler
                0x080042cc      0x554 ./Drivers/STM32F4xx_HAL_Driver/Src/stm32f4xx_hal_uart.o
                0x080042cc                HAL_UART_IRQHandler
 .text.HAL_UART_TxCpltCallback
                0x08004820       0x14 ./Drivers/STM32F4xx_HAL_Driver/Src/stm32f4xx_hal_uart.o
                0x08004820                HAL_UART_TxCpltCallback
 .text.HAL_UART_RxCpltCallback
                0x08004834       0x14 ./Drivers/STM32F4xx_HAL_Driver/Src/stm32f4xx_hal_uart.o
                0x08004834                HAL_UART_RxCpltCallback
 .text.HAL_UART_RxHalfCpltCallback
                0x08004848       0x14 ./Drivers/STM32F4xx_HAL_Driver/Src/stm32f4xx_hal_uart.o
                0x08004848                HAL_UART_RxHalfCpltCallback
 .text.HAL_UART_ErrorCallback
                0x0800485c       0x14 ./Drivers/STM32F4xx_HAL_Driver/Src/stm32f4xx_hal_uart.o
                0x0800485c                HAL_UART_ErrorCallback
 .text.UART_DMAReceiveCplt
                0x08004870      0x12c ./Drivers/STM32F4xx_HAL_Driver/Src/stm32f4xx_hal_uart.o
 .text.UART_DMARxHalfCplt
                0x0800499c       0x3c ./Drivers/STM32F4xx_HAL_Driver/Src/stm32f4xx_hal_uart.o
 .text.UART_DMAError
                0x080049d8       0x94 ./Drivers/STM32F4xx_HAL_Driver/Src/stm32f4xx_hal_uart.o
 .text.UART_Start_Receive_DMA
                0x08004a6c      0x14c ./Drivers/STM32F4xx_HAL_Driver/Src/stm32f4xx_hal_uart.o
                0x08004a6c                UART_Start_Receive_DMA
 .text.UART_EndTxTransfer
                0x08004bb8       0x50 ./Drivers/STM32F4xx_HAL_Driver/Src/stm32f4xx_hal_uart.o
 .text.UART_EndRxTransfer
                0x08004c08       0xc6 ./Drivers/STM32F4xx_HAL_Driver/Src/stm32f4xx_hal_uart.o
 .text.UART_DMAAbortOnError
                0x08004cce       0x22 ./Drivers/STM32F4xx_HAL_Driver/Src/stm32f4xx_hal_uart.o
 .text.UART_Transmit_IT
                0x08004cf0       0xa0 ./Drivers/STM32F4xx_HAL_Driver/Src/stm32f4xx_hal_uart.o
 .text.UART_EndTransmit_IT
                0x08004d90       0x30 ./Drivers/STM32F4xx_HAL_Driver/Src/stm32f4xx_hal_uart.o
 .text.UART_Receive_IT
                0x08004dc0      0x17c ./Drivers/STM32F4xx_HAL_Driver/Src/stm32f4xx_hal_uart.o
 .text.UART_SetConfig
                0x08004f3c      0x4e8 ./Drivers/STM32F4xx_HAL_Driver/Src/stm32f4xx_hal_uart.o
 .text.memset   0x08005424       0x10 C:/ST/STM32CubeIDE_1.11.0/STM32CubeIDE/plugins/com.st.stm32cube.ide.mcu.externaltools.gnu-tools-for-stm32.13.3.rel1.win32_1.0.0.202411081344/tools/bin/../lib/gcc/arm-none-eabi/13.3.1/../../../../arm-none-eabi/lib/thumb/v7e-m+fp/hard\libc_nano.a(libc_a-memset.o)
                0x08005424                memset
 .text.__libc_init_array
                0x08005434       0x48 C:/ST/STM32CubeIDE_1.11.0/STM32CubeIDE/plugins/com.st.stm32cube.ide.mcu.externaltools.gnu-tools-for-stm32.13.3.rel1.win32_1.0.0.202411081344/tools/bin/../lib/gcc/arm-none-eabi/13.3.1/../../../../arm-none-eabi/lib/thumb/v7e-m+fp/hard\libc_nano.a(libc_a-init.o)
                0x08005434                __libc_init_array
 *(.glue_7)
 .glue_7        0x0800547c        0x0 linker stubs
 *(.glue_7t)
 .glue_7t       0x0800547c        0x0 linker stubs
 *(.eh_frame)
 .eh_frame      0x0800547c        0x0 C:/ST/STM32CubeIDE_1.11.0/STM32CubeIDE/plugins/com.st.stm32cube.ide.mcu.externaltools.gnu-tools-for-stm32.13.3.rel1.win32_1.0.0.202411081344/tools/bin/../lib/gcc/arm-none-eabi/13.3.1/thumb/v7e-m+fp/hard/crtbegin.o
 *(.init)
 .init          0x0800547c        0x4 C:/ST/STM32CubeIDE_1.11.0/STM32CubeIDE/plugins/com.st.stm32cube.ide.mcu.externaltools.gnu-tools-for-stm32.13.3.rel1.win32_1.0.0.202411081344/tools/bin/../lib/gcc/arm-none-eabi/13.3.1/thumb/v7e-m+fp/hard/crti.o
                0x0800547c                _init
 .init          0x08005480        0x8 C:/ST/STM32CubeIDE_1.11.0/STM32CubeIDE/plugins/com.st.stm32cube.ide.mcu.externaltools.gnu-tools-for-stm32.13.3.rel1.win32_1.0.0.202411081344/tools/bin/../lib/gcc/arm-none-eabi/13.3.1/thumb/v7e-m+fp/hard/crtn.o
 *(.fini)
 .fini          0x08005488        0x4 C:/ST/STM32CubeIDE_1.11.0/STM32CubeIDE/plugins/com.st.stm32cube.ide.mcu.externaltools.gnu-tools-for-stm32.13.3.rel1.win32_1.0.0.202411081344/tools/bin/../lib/gcc/arm-none-eabi/13.3.1/thumb/v7e-m+fp/hard/crti.o
                0x08005488                _fini
 .fini          0x0800548c        0x8 C:/ST/STM32CubeIDE_1.11.0/STM32CubeIDE/plugins/com.st.stm32cube.ide.mcu.externaltools.gnu-tools-for-stm32.13.3.rel1.win32_1.0.0.202411081344/tools/bin/../lib/gcc/arm-none-eabi/13.3.1/thumb/v7e-m+fp/hard/crtn.o
                0x08005494                        . = ALIGN (0x4)
                0x08005494                        _etext = .

.vfp11_veneer   0x08005494        0x0
 .vfp11_veneer  0x08005494        0x0 linker stubs

.v4_bx          0x08005494        0x0
 .v4_bx         0x08005494        0x0 linker stubs

.iplt           0x08005494        0x0
 .iplt          0x08005494        0x0 C:/ST/STM32CubeIDE_1.11.0/STM32CubeIDE/plugins/com.st.stm32cube.ide.mcu.externaltools.gnu-tools-for-stm32.13.3.rel1.win32_1.0.0.202411081344/tools/bin/../lib/gcc/arm-none-eabi/13.3.1/thumb/v7e-m+fp/hard/crtbegin.o

.rodata         0x08005494       0x20
                0x08005494                        . = ALIGN (0x4)
 *(.rodata)
 *(.rodata*)
 .rodata.AHBPrescTable
                0x08005494       0x10 ./Core/Src/system_stm32f4xx.o
                0x08005494                AHBPrescTable
 .rodata.APBPrescTable
                0x080054a4        0x8 ./Core/Src/system_stm32f4xx.o
                0x080054a4                APBPrescTable
 .rodata.flagBitshiftOffset.0
                0x080054ac        0x8 ./Drivers/STM32F4xx_HAL_Driver/Src/stm32f4xx_hal_dma.o
                0x080054b4                        . = ALIGN (0x4)

.ARM.extab      0x080054b4        0x0
                0x080054b4                        . = ALIGN (0x4)
 *(.ARM.extab* .gnu.linkonce.armextab.*)
                0x080054b4                        . = ALIGN (0x4)

.ARM            0x080054b4        0x8
                0x080054b4                        . = ALIGN (0x4)
                0x080054b4                        __exidx_start = .
 *(.ARM.exidx*)
 .ARM.exidx     0x080054b4        0x8 C:/ST/STM32CubeIDE_1.11.0/STM32CubeIDE/plugins/com.st.stm32cube.ide.mcu.externaltools.gnu-tools-for-stm32.13.3.rel1.win32_1.0.0.202411081344/tools/bin/../lib/gcc/arm-none-eabi/13.3.1/thumb/v7e-m+fp/hard\libgcc.a(_udivmoddi4.o)
                0x080054bc                        __exidx_end = .
                0x080054bc                        . = ALIGN (0x4)

.preinit_array  0x080054bc        0x0
                0x080054bc                        . = ALIGN (0x4)
                0x080054bc                        PROVIDE (__preinit_array_start = .)
 *(.preinit_array*)
                0x080054bc                        PROVIDE (__preinit_array_end = .)
                0x080054bc                        . = ALIGN (0x4)

.init_array     0x080054bc        0x4
                0x080054bc                        . = ALIGN (0x4)
                0x080054bc                        PROVIDE (__init_array_start = .)
 *(SORT_BY_NAME(.init_array.*))
 *(.init_array*)
 .init_array    0x080054bc        0x4 C:/ST/STM32CubeIDE_1.11.0/STM32CubeIDE/plugins/com.st.stm32cube.ide.mcu.externaltools.gnu-tools-for-stm32.13.3.rel1.win32_1.0.0.202411081344/tools/bin/../lib/gcc/arm-none-eabi/13.3.1/thumb/v7e-m+fp/hard/crtbegin.o
                0x080054c0                        PROVIDE (__init_array_end = .)
                0x080054c0                        . = ALIGN (0x4)

.fini_array     0x080054c0        0x4
                0x080054c0                        . = ALIGN (0x4)
                [!provide]                        PROVIDE (__fini_array_start = .)
 *(SORT_BY_NAME(.fini_array.*))
 *(.fini_array*)
 .fini_array    0x080054c0        0x4 C:/ST/STM32CubeIDE_1.11.0/STM32CubeIDE/plugins/com.st.stm32cube.ide.mcu.externaltools.gnu-tools-for-stm32.13.3.rel1.win32_1.0.0.202411081344/tools/bin/../lib/gcc/arm-none-eabi/13.3.1/thumb/v7e-m+fp/hard/crtbegin.o
                [!provide]                        PROVIDE (__fini_array_end = .)
                0x080054c4                        . = ALIGN (0x4)
                0x080054c4                        _sidata = LOADADDR (.data)

.rel.dyn        0x080054c4        0x0
 .rel.iplt      0x080054c4        0x0 C:/ST/STM32CubeIDE_1.11.0/STM32CubeIDE/plugins/com.st.stm32cube.ide.mcu.externaltools.gnu-tools-for-stm32.13.3.rel1.win32_1.0.0.202411081344/tools/bin/../lib/gcc/arm-none-eabi/13.3.1/thumb/v7e-m+fp/hard/crtbegin.o

.data           0x20000000        0xc load address 0x080054c4
                0x20000000                        . = ALIGN (0x4)
                0x20000000                        _sdata = .
 *(.data)
 *(.data*)
 .data.SystemCoreClock
                0x20000000        0x4 ./Core/Src/system_stm32f4xx.o
                0x20000000                SystemCoreClock
 .data.uwTickPrio
                0x20000004        0x4 ./Drivers/STM32F4xx_HAL_Driver/Src/stm32f4xx_hal.o
                0x20000004                uwTickPrio
 .data.uwTickFreq
                0x20000008        0x1 ./Drivers/STM32F4xx_HAL_Driver/Src/stm32f4xx_hal.o
                0x20000008                uwTickFreq
 *(.RamFunc)
 *(.RamFunc*)
                0x2000000c                        . = ALIGN (0x4)
 *fill*         0x20000009        0x3 
                0x2000000c                        _edata = .

.igot.plt       0x2000000c        0x0 load address 0x080054d0
 .igot.plt      0x2000000c        0x0 C:/ST/STM32CubeIDE_1.11.0/STM32CubeIDE/plugins/com.st.stm32cube.ide.mcu.externaltools.gnu-tools-for-stm32.13.3.rel1.win32_1.0.0.202411081344/tools/bin/../lib/gcc/arm-none-eabi/13.3.1/thumb/v7e-m+fp/hard/crtbegin.o
                0x2000000c                        . = ALIGN (0x4)

.bss            0x2000000c      0x284 load address 0x080054d0
                0x2000000c                        _sbss = .
                0x2000000c                        __bss_start__ = _sbss
 *(.bss)
 .bss           0x2000000c       0x1c C:/ST/STM32CubeIDE_1.11.0/STM32CubeIDE/plugins/com.st.stm32cube.ide.mcu.externaltools.gnu-tools-for-stm32.13.3.rel1.win32_1.0.0.202411081344/tools/bin/../lib/gcc/arm-none-eabi/13.3.1/thumb/v7e-m+fp/hard/crtbegin.o
 *(.bss*)
 .bss.adc_raw   0x20000028       0x10 ./Core/Src/ad7606.o
                0x20000028                adc_raw
 .bss.adc_voltage
                0x20000038       0x20 ./Core/Src/ad7606.o
                0x20000038                adc_voltage
 .bss.dummy_tx  0x20000058       0x10 ./Core/Src/ad7606.o
 .bss.current_setpoint
                0x20000068        0x4 ./Core/Src/control_loop.o
                0x20000068                current_setpoint
 .bss.currentState
                0x2000006c        0x1 ./Core/Src/fsm.o
 *fill*         0x2000006d        0x3 
 .bss.hspi1     0x20000070       0x58 ./Core/Src/main.o
                0x20000070                hspi1
 .bss.hdma_spi1_rx
                0x200000c8       0x60 ./Core/Src/main.o
                0x200000c8                hdma_spi1_rx
 .bss.htim1     0x20000128       0x48 ./Core/Src/main.o
                0x20000128                htim1
 .bss.huart1    0x20000170       0x48 ./Core/Src/main.o
                0x20000170                huart1
 .bss.hdma_usart1_rx
                0x200001b8       0x60 ./Core/Src/main.o
                0x200001b8                hdma_usart1_rx
 .bss.hdma_usart1_tx
                0x20000218       0x60 ./Core/Src/main.o
                0x20000218                hdma_usart1_tx
 .bss.modbus_rx_buf
                0x20000278       0x10 ./Core/Src/modbus_rtu.o
                0x20000278                modbus_rx_buf
 .bss.modbus_frame_ready
                0x20000288        0x1 ./Core/Src/modbus_rtu.o
                0x20000288                modbus_frame_ready
 *fill*         0x20000289        0x1 
 .bss.modbus_rx_len
                0x2000028a        0x2 ./Core/Src/modbus_rtu.o
                0x2000028a                modbus_rx_len
 .bss.uwTick    0x2000028c        0x4 ./Drivers/STM32F4xx_HAL_Driver/Src/stm32f4xx_hal.o
                0x2000028c                uwTick
 *(COMMON)
                0x20000290                        . = ALIGN (0x4)
                0x20000290                        _ebss = .
                0x20000290                        __bss_end__ = _ebss

._user_heap_stack
                0x20000290      0x600 load address 0x080054d0
                0x20000290                        . = ALIGN (0x8)
                [!provide]                        PROVIDE (end = .)
                0x20000290                        PROVIDE (_end = .)
                0x20000490                        . = (. + _Min_Heap_Size)
 *fill*         0x20000290      0x200 
                0x20000890                        . = (. + _Min_Stack_Size)
 *fill*         0x20000490      0x400 
                0x20000890                        . = ALIGN (0x8)

/DISCARD/
 libc.a(*)
 libm.a(*)
 libgcc.a(*)

.ARM.attributes
                0x00000000       0x30
 *(.ARM.attributes)
 .ARM.attributes
                0x00000000       0x22 C:/ST/STM32CubeIDE_1.11.0/STM32CubeIDE/plugins/com.st.stm32cube.ide.mcu.externaltools.gnu-tools-for-stm32.13.3.rel1.win32_1.0.0.202411081344/tools/bin/../lib/gcc/arm-none-eabi/13.3.1/thumb/v7e-m+fp/hard/crti.o
 .ARM.attributes
                0x00000022       0x34 C:/ST/STM32CubeIDE_1.11.0/STM32CubeIDE/plugins/com.st.stm32cube.ide.mcu.externaltools.gnu-tools-for-stm32.13.3.rel1.win32_1.0.0.202411081344/tools/bin/../lib/gcc/arm-none-eabi/13.3.1/thumb/v7e-m+fp/hard/crtbegin.o
 .ARM.attributes
                0x00000056       0x34 ./Core/Src/ad7606.o
 .ARM.attributes
                0x0000008a       0x34 ./Core/Src/control_loop.o
 .ARM.attributes
                0x000000be       0x34 ./Core/Src/fsm.o
 .ARM.attributes
                0x000000f2       0x34 ./Core/Src/main.o
 .ARM.attributes
                0x00000126       0x34 ./Core/Src/modbus_rtu.o
 .ARM.attributes
                0x0000015a       0x34 ./Core/Src/pwm_control.o
 .ARM.attributes
                0x0000018e       0x34 ./Core/Src/stm32f4xx_hal_msp.o
 .ARM.attributes
                0x000001c2       0x34 ./Core/Src/stm32f4xx_it.o
 .ARM.attributes
                0x000001f6       0x34 ./Core/Src/system_stm32f4xx.o
 .ARM.attributes
                0x0000022a       0x21 ./Core/Startup/startup_stm32f411ceux.o
 .ARM.attributes
                0x0000024b       0x34 ./Drivers/STM32F4xx_HAL_Driver/Src/stm32f4xx_hal.o
 .ARM.attributes
                0x0000027f       0x34 ./Drivers/STM32F4xx_HAL_Driver/Src/stm32f4xx_hal_cortex.o
 .ARM.attributes
                0x000002b3       0x34 ./Drivers/STM32F4xx_HAL_Driver/Src/stm32f4xx_hal_dma.o
 .ARM.attributes
                0x000002e7       0x34 ./Drivers/STM32F4xx_HAL_Driver/Src/stm32f4xx_hal_gpio.o
 .ARM.attributes
                0x0000031b       0x34 ./Drivers/STM32F4xx_HAL_Driver/Src/stm32f4xx_hal_rcc.o
 .ARM.attributes
                0x0000034f       0x34 ./Drivers/STM32F4xx_HAL_Driver/Src/stm32f4xx_hal_spi.o
 .ARM.attributes
                0x00000383       0x34 ./Drivers/STM32F4xx_HAL_Driver/Src/stm32f4xx_hal_tim.o
 .ARM.attributes
                0x000003b7       0x34 ./Drivers/STM32F4xx_HAL_Driver/Src/stm32f4xx_hal_tim_ex.o
 .ARM.attributes
                0x000003eb       0x34 ./Drivers/STM32F4xx_HAL_Driver/Src/stm32f4xx_hal_uart.o
 .ARM.attributes
                0x0000041f       0x34 C:/ST/STM32CubeIDE_1.11.0/STM32CubeIDE/plugins/com.st.stm32cube.ide.mcu.externaltools.gnu-tools-for-stm32.13.3.rel1.win32_1.0.0.202411081344/tools/bin/../lib/gcc/arm-none-eabi/13.3.1/../../../../arm-none-eabi/lib/thumb/v7e-m+fp/hard\libc_nano.a(libc_a-memset.o)
 .ARM.attributes
                0x00000453       0x34 C:/ST/STM32CubeIDE_1.11.0/STM32CubeIDE/plugins/com.st.stm32cube.ide.mcu.externaltools.gnu-tools-for-stm32.13.3.rel1.win32_1.0.0.202411081344/tools/bin/../lib/gcc/arm-none-eabi/13.3.1/../../../../arm-none-eabi/lib/thumb/v7e-m+fp/hard\libc_nano.a(libc_a-init.o)
 .ARM.attributes
                0x00000487       0x22 C:/ST/STM32CubeIDE_1.11.0/STM32CubeIDE/plugins/com.st.stm32cube.ide.mcu.externaltools.gnu-tools-for-stm32.13.3.rel1.win32_1.0.0.202411081344/tools/bin/../lib/gcc/arm-none-eabi/13.3.1/thumb/v7e-m+fp/hard\libgcc.a(_aeabi_uldivmod.o)
 .ARM.attributes
                0x000004a9       0x34 C:/ST/STM32CubeIDE_1.11.0/STM32CubeIDE/plugins/com.st.stm32cube.ide.mcu.externaltools.gnu-tools-for-stm32.13.3.rel1.win32_1.0.0.202411081344/tools/bin/../lib/gcc/arm-none-eabi/13.3.1/thumb/v7e-m+fp/hard\libgcc.a(_udivmoddi4.o)
 .ARM.attributes
                0x000004dd       0x22 C:/ST/STM32CubeIDE_1.11.0/STM32CubeIDE/plugins/com.st.stm32cube.ide.mcu.externaltools.gnu-tools-for-stm32.13.3.rel1.win32_1.0.0.202411081344/tools/bin/../lib/gcc/arm-none-eabi/13.3.1/thumb/v7e-m+fp/hard\libgcc.a(_dvmd_tls.o)
 .ARM.attributes
                0x000004ff       0x22 C:/ST/STM32CubeIDE_1.11.0/STM32CubeIDE/plugins/com.st.stm32cube.ide.mcu.externaltools.gnu-tools-for-stm32.13.3.rel1.win32_1.0.0.202411081344/tools/bin/../lib/gcc/arm-none-eabi/13.3.1/thumb/v7e-m+fp/hard/crtn.o
OUTPUT(Current_Driver_SOBIG.elf elf32-littlearm)
LOAD linker stubs
LOAD C:/ST/STM32CubeIDE_1.11.0/STM32CubeIDE/plugins/com.st.stm32cube.ide.mcu.externaltools.gnu-tools-for-stm32.13.3.rel1.win32_1.0.0.202411081344/tools/bin/../lib/gcc/arm-none-eabi/13.3.1/../../../../arm-none-eabi/lib/thumb/v7e-m+fp/hard\libc.a
LOAD C:/ST/STM32CubeIDE_1.11.0/STM32CubeIDE/plugins/com.st.stm32cube.ide.mcu.externaltools.gnu-tools-for-stm32.13.3.rel1.win32_1.0.0.202411081344/tools/bin/../lib/gcc/arm-none-eabi/13.3.1/../../../../arm-none-eabi/lib/thumb/v7e-m+fp/hard\libm.a
LOAD C:/ST/STM32CubeIDE_1.11.0/STM32CubeIDE/plugins/com.st.stm32cube.ide.mcu.externaltools.gnu-tools-for-stm32.13.3.rel1.win32_1.0.0.202411081344/tools/bin/../lib/gcc/arm-none-eabi/13.3.1/thumb/v7e-m+fp/hard\libgcc.a

.debug_info     0x00000000    0x1090c
 .debug_info    0x00000000      0x82c ./Core/Src/ad7606.o
 .debug_info    0x0000082c      0x17a ./Core/Src/control_loop.o
 .debug_info    0x000009a6      0x125 ./Core/Src/fsm.o
 .debug_info    0x00000acb     0x16de ./Core/Src/main.o
 .debug_info    0x000021a9      0x8a4 ./Core/Src/modbus_rtu.o
 .debug_info    0x00002a4d      0x6cb ./Core/Src/pwm_control.o
 .debug_info    0x00003118     0x1290 ./Core/Src/stm32f4xx_hal_msp.o
 .debug_info    0x000043a8      0xe63 ./Core/Src/stm32f4xx_it.o
 .debug_info    0x0000520b      0x53e ./Core/Src/system_stm32f4xx.o
 .debug_info    0x00005749       0x30 ./Core/Startup/startup_stm32f411ceux.o
 .debug_info    0x00005779      0x8c4 ./Drivers/STM32F4xx_HAL_Driver/Src/stm32f4xx_hal.o
 .debug_info    0x0000603d      0xcfc ./Drivers/STM32F4xx_HAL_Driver/Src/stm32f4xx_hal_cortex.o
 .debug_info    0x00006d39      0x8e6 ./Drivers/STM32F4xx_HAL_Driver/Src/stm32f4xx_hal_dma.o
 .debug_info    0x0000761f      0x6f9 ./Drivers/STM32F4xx_HAL_Driver/Src/stm32f4xx_hal_gpio.o
 .debug_info    0x00007d18      0x904 ./Drivers/STM32F4xx_HAL_Driver/Src/stm32f4xx_hal_rcc.o
 .debug_info    0x0000861c     0x1530 ./Drivers/STM32F4xx_HAL_Driver/Src/stm32f4xx_hal_spi.o
 .debug_info    0x00009b4c     0x2996 ./Drivers/STM32F4xx_HAL_Driver/Src/stm32f4xx_hal_tim.o
 .debug_info    0x0000c4e2     0x14d4 ./Drivers/STM32F4xx_HAL_Driver/Src/stm32f4xx_hal_tim_ex.o
 .debug_info    0x0000d9b6     0x2f56 ./Drivers/STM32F4xx_HAL_Driver/Src/stm32f4xx_hal_uart.o

.debug_abbrev   0x00000000     0x27aa
 .debug_abbrev  0x00000000      0x203 ./Core/Src/ad7606.o
 .debug_abbrev  0x00000203      0x13b ./Core/Src/control_loop.o
 .debug_abbrev  0x0000033e       0xf4 ./Core/Src/fsm.o
 .debug_abbrev  0x00000432      0x2d0 ./Core/Src/main.o
 .debug_abbrev  0x00000702      0x256 ./Core/Src/modbus_rtu.o
 .debug_abbrev  0x00000958      0x1cd ./Core/Src/pwm_control.o
 .debug_abbrev  0x00000b25      0x260 ./Core/Src/stm32f4xx_hal_msp.o
 .debug_abbrev  0x00000d85      0x223 ./Core/Src/stm32f4xx_it.o
 .debug_abbrev  0x00000fa8      0x11a ./Core/Src/system_stm32f4xx.o
 .debug_abbrev  0x000010c2       0x24 ./Core/Startup/startup_stm32f411ceux.o
 .debug_abbrev  0x000010e6      0x24b ./Drivers/STM32F4xx_HAL_Driver/Src/stm32f4xx_hal.o
 .debug_abbrev  0x00001331      0x31d ./Drivers/STM32F4xx_HAL_Driver/Src/stm32f4xx_hal_cortex.o
 .debug_abbrev  0x0000164e      0x221 ./Drivers/STM32F4xx_HAL_Driver/Src/stm32f4xx_hal_dma.o
 .debug_abbrev  0x0000186f      0x1d3 ./Drivers/STM32F4xx_HAL_Driver/Src/stm32f4xx_hal_gpio.o
 .debug_abbrev  0x00001a42      0x2b6 ./Drivers/STM32F4xx_HAL_Driver/Src/stm32f4xx_hal_rcc.o
 .debug_abbrev  0x00001cf8      0x276 ./Drivers/STM32F4xx_HAL_Driver/Src/stm32f4xx_hal_spi.o
 .debug_abbrev  0x00001f6e      0x28b ./Drivers/STM32F4xx_HAL_Driver/Src/stm32f4xx_hal_tim.o
 .debug_abbrev  0x000021f9      0x296 ./Drivers/STM32F4xx_HAL_Driver/Src/stm32f4xx_hal_tim_ex.o
 .debug_abbrev  0x0000248f      0x31b ./Drivers/STM32F4xx_HAL_Driver/Src/stm32f4xx_hal_uart.o

.debug_aranges  0x00000000      0xf58
 .debug_aranges
                0x00000000       0x48 ./Core/Src/ad7606.o
 .debug_aranges
                0x00000048       0x28 ./Core/Src/control_loop.o
 .debug_aranges
                0x00000070       0x38 ./Core/Src/fsm.o
 .debug_aranges
                0x000000a8       0x58 ./Core/Src/main.o
 .debug_aranges
                0x00000100       0x38 ./Core/Src/modbus_rtu.o
 .debug_aranges
                0x00000138       0x30 ./Core/Src/pwm_control.o
 .debug_aranges
                0x00000168       0x58 ./Core/Src/stm32f4xx_hal_msp.o
 .debug_aranges
                0x000001c0       0xa8 ./Core/Src/stm32f4xx_it.o
 .debug_aranges
                0x00000268       0x28 ./Core/Src/system_stm32f4xx.o
 .debug_aranges
                0x00000290       0x28 ./Core/Startup/startup_stm32f411ceux.o
 .debug_aranges
                0x000002b8       0xf0 ./Drivers/STM32F4xx_HAL_Driver/Src/stm32f4xx_hal.o
 .debug_aranges
                0x000003a8      0x130 ./Drivers/STM32F4xx_HAL_Driver/Src/stm32f4xx_hal_cortex.o
 .debug_aranges
                0x000004d8       0x90 ./Drivers/STM32F4xx_HAL_Driver/Src/stm32f4xx_hal_dma.o
 .debug_aranges
                0x00000568       0x58 ./Drivers/STM32F4xx_HAL_Driver/Src/stm32f4xx_hal_gpio.o
 .debug_aranges
                0x000005c0       0x88 ./Drivers/STM32F4xx_HAL_Driver/Src/stm32f4xx_hal_rcc.o
 .debug_aranges
                0x00000648      0x1d0 ./Drivers/STM32F4xx_HAL_Driver/Src/stm32f4xx_hal_spi.o
 .debug_aranges
                0x00000818      0x3d0 ./Drivers/STM32F4xx_HAL_Driver/Src/stm32f4xx_hal_tim.o
 .debug_aranges
                0x00000be8      0x168 ./Drivers/STM32F4xx_HAL_Driver/Src/stm32f4xx_hal_tim_ex.o
 .debug_aranges
                0x00000d50      0x208 ./Drivers/STM32F4xx_HAL_Driver/Src/stm32f4xx_hal_uart.o

.debug_rnglists
                0x00000000      0xbee
 .debug_rnglists
                0x00000000       0x31 ./Core/Src/ad7606.o
 .debug_rnglists
                0x00000031       0x19 ./Core/Src/control_loop.o
 .debug_rnglists
                0x0000004a       0x25 ./Core/Src/fsm.o
 .debug_rnglists
                0x0000006f       0x40 ./Core/Src/main.o
 .debug_rnglists
                0x000000af       0x26 ./Core/Src/modbus_rtu.o
 .debug_rnglists
                0x000000d5       0x20 ./Core/Src/pwm_control.o
 .debug_rnglists
                0x000000f5       0x3f ./Core/Src/stm32f4xx_hal_msp.o
 .debug_rnglists
                0x00000134       0x79 ./Core/Src/stm32f4xx_it.o
 .debug_rnglists
                0x000001ad       0x1a ./Core/Src/system_stm32f4xx.o
 .debug_rnglists
                0x000001c7       0x19 ./Core/Startup/startup_stm32f411ceux.o
 .debug_rnglists
                0x000001e0       0xaf ./Drivers/STM32F4xx_HAL_Driver/Src/stm32f4xx_hal.o
 .debug_rnglists
                0x0000028f       0xe0 ./Drivers/STM32F4xx_HAL_Driver/Src/stm32f4xx_hal_cortex.o
 .debug_rnglists
                0x0000036f       0x70 ./Drivers/STM32F4xx_HAL_Driver/Src/stm32f4xx_hal_dma.o
 .debug_rnglists
                0x000003df       0x3f ./Drivers/STM32F4xx_HAL_Driver/Src/stm32f4xx_hal_gpio.o
 .debug_rnglists
                0x0000041e       0x66 ./Drivers/STM32F4xx_HAL_Driver/Src/stm32f4xx_hal_rcc.o
 .debug_rnglists
                0x00000484      0x16f ./Drivers/STM32F4xx_HAL_Driver/Src/stm32f4xx_hal_spi.o
 .debug_rnglists
                0x000005f3      0x31a ./Drivers/STM32F4xx_HAL_Driver/Src/stm32f4xx_hal_tim.o
 .debug_rnglists
                0x0000090d      0x125 ./Drivers/STM32F4xx_HAL_Driver/Src/stm32f4xx_hal_tim_ex.o
 .debug_rnglists
                0x00000a32      0x1bc ./Drivers/STM32F4xx_HAL_Driver/Src/stm32f4xx_hal_uart.o

.debug_macro    0x00000000    0x16fec
 .debug_macro   0x00000000      0x1f1 ./Core/Src/ad7606.o
 .debug_macro   0x000001f1      0xad8 ./Core/Src/ad7606.o
 .debug_macro   0x00000cc9      0x2a1 ./Core/Src/ad7606.o
 .debug_macro   0x00000f6a       0x2e ./Core/Src/ad7606.o
 .debug_macro   0x00000f98       0x28 ./Core/Src/ad7606.o
 .debug_macro   0x00000fc0       0x22 ./Core/Src/ad7606.o
 .debug_macro   0x00000fe2       0x8e ./Core/Src/ad7606.o
 .debug_macro   0x00001070       0x51 ./Core/Src/ad7606.o
 .debug_macro   0x000010c1      0x103 ./Core/Src/ad7606.o
 .debug_macro   0x000011c4       0x6a ./Core/Src/ad7606.o
 .debug_macro   0x0000122e      0x1df ./Core/Src/ad7606.o
 .debug_macro   0x0000140d       0x1c ./Core/Src/ad7606.o
 .debug_macro   0x00001429       0x22 ./Core/Src/ad7606.o
 .debug_macro   0x0000144b       0xfb ./Core/Src/ad7606.o
 .debug_macro   0x00001546     0x1011 ./Core/Src/ad7606.o
 .debug_macro   0x00002557      0x11f ./Core/Src/ad7606.o
 .debug_macro   0x00002676     0xb968 ./Core/Src/ad7606.o
 .debug_macro   0x0000dfde       0x6d ./Core/Src/ad7606.o
 .debug_macro   0x0000e04b     0x3693 ./Core/Src/ad7606.o
 .debug_macro   0x000116de      0x190 ./Core/Src/ad7606.o
 .debug_macro   0x0001186e       0x5c ./Core/Src/ad7606.o
 .debug_macro   0x000118ca      0x45c ./Core/Src/ad7606.o
 .debug_macro   0x00011d26      0x9e9 ./Core/Src/ad7606.o
 .debug_macro   0x0001270f      0x115 ./Core/Src/ad7606.o
 .debug_macro   0x00012824      0x11b ./Core/Src/ad7606.o
 .debug_macro   0x0001293f       0xa5 ./Core/Src/ad7606.o
 .debug_macro   0x000129e4      0x15f ./Core/Src/ad7606.o
 .debug_macro   0x00012b43      0x287 ./Core/Src/ad7606.o
 .debug_macro   0x00012dca       0x5f ./Core/Src/ad7606.o
 .debug_macro   0x00012e29      0x236 ./Core/Src/ad7606.o
 .debug_macro   0x0001305f      0x132 ./Core/Src/ad7606.o
 .debug_macro   0x00013191      0x264 ./Core/Src/ad7606.o
 .debug_macro   0x000133f5       0x2e ./Core/Src/ad7606.o
 .debug_macro   0x00013423      0x127 ./Core/Src/ad7606.o
 .debug_macro   0x0001354a       0x85 ./Core/Src/ad7606.o
 .debug_macro   0x000135cf       0x89 ./Core/Src/ad7606.o
 .debug_macro   0x00013658      0x225 ./Core/Src/ad7606.o
 .debug_macro   0x0001387d      0x8ed ./Core/Src/ad7606.o
 .debug_macro   0x0001416a       0x47 ./Core/Src/ad7606.o
 .debug_macro   0x000141b1      0x2aa ./Core/Src/ad7606.o
 .debug_macro   0x0001445b      0x126 ./Core/Src/ad7606.o
 .debug_macro   0x00014581       0x52 ./Core/Src/ad7606.o
 .debug_macro   0x000145d3      0x20f ./Core/Src/control_loop.o
 .debug_macro   0x000147e2      0x1fb ./Core/Src/fsm.o
 .debug_macro   0x000149dd      0x213 ./Core/Src/main.o
 .debug_macro   0x00014bf0      0x2e3 ./Core/Src/modbus_rtu.o
 .debug_macro   0x00014ed3       0x61 ./Core/Src/modbus_rtu.o
 .debug_macro   0x00014f34       0x2a ./Core/Src/modbus_rtu.o
 .debug_macro   0x00014f5e       0x43 ./Core/Src/modbus_rtu.o
 .debug_macro   0x00014fa1       0x34 ./Core/Src/modbus_rtu.o
 .debug_macro   0x00014fd5      0x370 ./Core/Src/modbus_rtu.o
 .debug_macro   0x00015345       0x16 ./Core/Src/modbus_rtu.o
 .debug_macro   0x0001535b       0x4a ./Core/Src/modbus_rtu.o
 .debug_macro   0x000153a5       0x34 ./Core/Src/modbus_rtu.o
 .debug_macro   0x000153d9       0x10 ./Core/Src/modbus_rtu.o
 .debug_macro   0x000153e9       0x58 ./Core/Src/modbus_rtu.o
 .debug_macro   0x00015441       0x8e ./Core/Src/modbus_rtu.o
 .debug_macro   0x000154cf       0x1c ./Core/Src/modbus_rtu.o
 .debug_macro   0x000154eb      0x185 ./Core/Src/modbus_rtu.o
 .debug_macro   0x00015670       0x10 ./Core/Src/modbus_rtu.o
 .debug_macro   0x00015680       0x3c ./Core/Src/modbus_rtu.o
 .debug_macro   0x000156bc       0x20 ./Core/Src/modbus_rtu.o
 .debug_macro   0x000156dc      0x1f1 ./Core/Src/pwm_control.o
 .debug_macro   0x000158cd      0x1e7 ./Core/Src/stm32f4xx_hal_msp.o
 .debug_macro   0x00015ab4      0x227 ./Core/Src/stm32f4xx_it.o
 .debug_macro   0x00015cdb      0x1d8 ./Core/Src/system_stm32f4xx.o
 .debug_macro   0x00015eb3      0x238 ./Drivers/STM32F4xx_HAL_Driver/Src/stm32f4xx_hal.o
 .debug_macro   0x000160eb      0x1d8 ./Drivers/STM32F4xx_HAL_Driver/Src/stm32f4xx_hal_cortex.o
 .debug_macro   0x000162c3      0x1de ./Drivers/STM32F4xx_HAL_Driver/Src/stm32f4xx_hal_dma.o
 .debug_macro   0x000164a1      0x1de ./Drivers/STM32F4xx_HAL_Driver/Src/stm32f4xx_hal_gpio.o
 .debug_macro   0x0001667f      0x1fc ./Drivers/STM32F4xx_HAL_Driver/Src/stm32f4xx_hal_rcc.o
 .debug_macro   0x0001687b      0x1e7 ./Drivers/STM32F4xx_HAL_Driver/Src/stm32f4xx_hal_spi.o
 .debug_macro   0x00016a62      0x1d9 ./Drivers/STM32F4xx_HAL_Driver/Src/stm32f4xx_hal_tim.o
 .debug_macro   0x00016c3b      0x1d8 ./Drivers/STM32F4xx_HAL_Driver/Src/stm32f4xx_hal_tim_ex.o
 .debug_macro   0x00016e13      0x1d9 ./Drivers/STM32F4xx_HAL_Driver/Src/stm32f4xx_hal_uart.o

.debug_line     0x00000000    0x11fd0
 .debug_line    0x00000000      0x80d ./Core/Src/ad7606.o
 .debug_line    0x0000080d      0x7be ./Core/Src/control_loop.o
 .debug_line    0x00000fcb      0x7ba ./Core/Src/fsm.o
 .debug_line    0x00001785      0x9b7 ./Core/Src/main.o
 .debug_line    0x0000213c      0xa0b ./Core/Src/modbus_rtu.o
 .debug_line    0x00002b47      0x7c3 ./Core/Src/pwm_control.o
 .debug_line    0x0000330a      0x8e6 ./Core/Src/stm32f4xx_hal_msp.o
 .debug_line    0x00003bf0      0x94a ./Core/Src/stm32f4xx_it.o
 .debug_line    0x0000453a      0x7d3 ./Core/Src/system_stm32f4xx.o
 .debug_line    0x00004d0d       0x7a ./Core/Startup/startup_stm32f411ceux.o
 .debug_line    0x00004d87      0xa4f ./Drivers/STM32F4xx_HAL_Driver/Src/stm32f4xx_hal.o
 .debug_line    0x000057d6      0xd1f ./Drivers/STM32F4xx_HAL_Driver/Src/stm32f4xx_hal_cortex.o
 .debug_line    0x000064f5      0xfbb ./Drivers/STM32F4xx_HAL_Driver/Src/stm32f4xx_hal_dma.o
 .debug_line    0x000074b0      0xb6b ./Drivers/STM32F4xx_HAL_Driver/Src/stm32f4xx_hal_gpio.o
 .debug_line    0x0000801b      0xe5c ./Drivers/STM32F4xx_HAL_Driver/Src/stm32f4xx_hal_rcc.o
 .debug_line    0x00008e77     0x1cea ./Drivers/STM32F4xx_HAL_Driver/Src/stm32f4xx_hal_spi.o
 .debug_line    0x0000ab61     0x358e ./Drivers/STM32F4xx_HAL_Driver/Src/stm32f4xx_hal_tim.o
 .debug_line    0x0000e0ef     0x194a ./Drivers/STM32F4xx_HAL_Driver/Src/stm32f4xx_hal_tim_ex.o
 .debug_line    0x0000fa39     0x2597 ./Drivers/STM32F4xx_HAL_Driver/Src/stm32f4xx_hal_uart.o

.debug_str      0x00000000    0x8facb
 .debug_str     0x00000000    0x8facb ./Core/Src/ad7606.o
                              0x88c47 (size before relaxing)
 .debug_str     0x0008facb    0x88777 ./Core/Src/control_loop.o
 .debug_str     0x0008facb    0x88712 ./Core/Src/fsm.o
 .debug_str     0x0008facb    0x89a02 ./Core/Src/main.o
 .debug_str     0x0008facb    0x8bf42 ./Core/Src/modbus_rtu.o
 .debug_str     0x0008facb    0x88c3f ./Core/Src/pwm_control.o
 .debug_str     0x0008facb    0x8960c ./Core/Src/stm32f4xx_hal_msp.o
 .debug_str     0x0008facb    0x892e0 ./Core/Src/stm32f4xx_it.o
 .debug_str     0x0008facb    0x8871f ./Core/Src/system_stm32f4xx.o
 .debug_str     0x0008facb       0x91 ./Core/Startup/startup_stm32f411ceux.o
 .debug_str     0x0008facb    0x8914b ./Drivers/STM32F4xx_HAL_Driver/Src/stm32f4xx_hal.o
 .debug_str     0x0008facb    0x88eb5 ./Drivers/STM32F4xx_HAL_Driver/Src/stm32f4xx_hal_cortex.o
 .debug_str     0x0008facb    0x88b27 ./Drivers/STM32F4xx_HAL_Driver/Src/stm32f4xx_hal_dma.o
 .debug_str     0x0008facb    0x8889a ./Drivers/STM32F4xx_HAL_Driver/Src/stm32f4xx_hal_gpio.o
 .debug_str     0x0008facb    0x88b53 ./Drivers/STM32F4xx_HAL_Driver/Src/stm32f4xx_hal_rcc.o
 .debug_str     0x0008facb    0x88fcb ./Drivers/STM32F4xx_HAL_Driver/Src/stm32f4xx_hal_spi.o
 .debug_str     0x0008facb    0x89a97 ./Drivers/STM32F4xx_HAL_Driver/Src/stm32f4xx_hal_tim.o
 .debug_str     0x0008facb    0x892a3 ./Drivers/STM32F4xx_HAL_Driver/Src/stm32f4xx_hal_tim_ex.o
 .debug_str     0x0008facb    0x89122 ./Drivers/STM32F4xx_HAL_Driver/Src/stm32f4xx_hal_uart.o

.comment        0x00000000       0x43
 .comment       0x00000000       0x43 ./Core/Src/ad7606.o
                                 0x44 (size before relaxing)
 .comment       0x00000043       0x44 ./Core/Src/control_loop.o
 .comment       0x00000043       0x44 ./Core/Src/fsm.o
 .comment       0x00000043       0x44 ./Core/Src/main.o
 .comment       0x00000043       0x44 ./Core/Src/modbus_rtu.o
 .comment       0x00000043       0x44 ./Core/Src/pwm_control.o
 .comment       0x00000043       0x44 ./Core/Src/stm32f4xx_hal_msp.o
 .comment       0x00000043       0x44 ./Core/Src/stm32f4xx_it.o
 .comment       0x00000043       0x44 ./Core/Src/system_stm32f4xx.o
 .comment       0x00000043       0x44 ./Drivers/STM32F4xx_HAL_Driver/Src/stm32f4xx_hal.o
 .comment       0x00000043       0x44 ./Drivers/STM32F4xx_HAL_Driver/Src/stm32f4xx_hal_cortex.o
 .comment       0x00000043       0x44 ./Drivers/STM32F4xx_HAL_Driver/Src/stm32f4xx_hal_dma.o
 .comment       0x00000043       0x44 ./Drivers/STM32F4xx_HAL_Driver/Src/stm32f4xx_hal_gpio.o
 .comment       0x00000043       0x44 ./Drivers/STM32F4xx_HAL_Driver/Src/stm32f4xx_hal_rcc.o
 .comment       0x00000043       0x44 ./Drivers/STM32F4xx_HAL_Driver/Src/stm32f4xx_hal_spi.o
 .comment       0x00000043       0x44 ./Drivers/STM32F4xx_HAL_Driver/Src/stm32f4xx_hal_tim.o
 .comment       0x00000043       0x44 ./Drivers/STM32F4xx_HAL_Driver/Src/stm32f4xx_hal_tim_ex.o
 .comment       0x00000043       0x44 ./Drivers/STM32F4xx_HAL_Driver/Src/stm32f4xx_hal_uart.o

.debug_frame    0x00000000     0x3f9c
 .debug_frame   0x00000000       0xd0 ./Core/Src/ad7606.o
 .debug_frame   0x000000d0       0x5c ./Core/Src/control_loop.o
 .debug_frame   0x0000012c       0x94 ./Core/Src/fsm.o
 .debug_frame   0x000001c0      0x10c ./Core/Src/main.o
 .debug_frame   0x000002cc       0x9c ./Core/Src/modbus_rtu.o
 .debug_frame   0x00000368       0x74 ./Core/Src/pwm_control.o
 .debug_frame   0x000003dc      0x134 ./Core/Src/stm32f4xx_hal_msp.o
 .debug_frame   0x00000510      0x210 ./Core/Src/stm32f4xx_it.o
 .debug_frame   0x00000720       0x58 ./Core/Src/system_stm32f4xx.o
 .debug_frame   0x00000778      0x374 ./Drivers/STM32F4xx_HAL_Driver/Src/stm32f4xx_hal.o
 .debug_frame   0x00000aec      0x508 ./Drivers/STM32F4xx_HAL_Driver/Src/stm32f4xx_hal_cortex.o
 .debug_frame   0x00000ff4      0x250 ./Drivers/STM32F4xx_HAL_Driver/Src/stm32f4xx_hal_dma.o
 .debug_frame   0x00001244      0x14c ./Drivers/STM32F4xx_HAL_Driver/Src/stm32f4xx_hal_gpio.o
 .debug_frame   0x00001390      0x1f4 ./Drivers/STM32F4xx_HAL_Driver/Src/stm32f4xx_hal_rcc.o
 .debug_frame   0x00001584      0x828 ./Drivers/STM32F4xx_HAL_Driver/Src/stm32f4xx_hal_spi.o
 .debug_frame   0x00001dac     0x11b8 ./Drivers/STM32F4xx_HAL_Driver/Src/stm32f4xx_hal_tim.o
 .debug_frame   0x00002f64      0x638 ./Drivers/STM32F4xx_HAL_Driver/Src/stm32f4xx_hal_tim_ex.o
 .debug_frame   0x0000359c      0x954 ./Drivers/STM32F4xx_HAL_Driver/Src/stm32f4xx_hal_uart.o
 .debug_frame   0x00003ef0       0x20 C:/ST/STM32CubeIDE_1.11.0/STM32CubeIDE/plugins/com.st.stm32cube.ide.mcu.externaltools.gnu-tools-for-stm32.13.3.rel1.win32_1.0.0.202411081344/tools/bin/../lib/gcc/arm-none-eabi/13.3.1/../../../../arm-none-eabi/lib/thumb/v7e-m+fp/hard\libc_nano.a(libc_a-memset.o)
 .debug_frame   0x00003f10       0x2c C:/ST/STM32CubeIDE_1.11.0/STM32CubeIDE/plugins/com.st.stm32cube.ide.mcu.externaltools.gnu-tools-for-stm32.13.3.rel1.win32_1.0.0.202411081344/tools/bin/../lib/gcc/arm-none-eabi/13.3.1/../../../../arm-none-eabi/lib/thumb/v7e-m+fp/hard\libc_nano.a(libc_a-init.o)
 .debug_frame   0x00003f3c       0x2c C:/ST/STM32CubeIDE_1.11.0/STM32CubeIDE/plugins/com.st.stm32cube.ide.mcu.externaltools.gnu-tools-for-stm32.13.3.rel1.win32_1.0.0.202411081344/tools/bin/../lib/gcc/arm-none-eabi/13.3.1/thumb/v7e-m+fp/hard\libgcc.a(_aeabi_uldivmod.o)
 .debug_frame   0x00003f68       0x34 C:/ST/STM32CubeIDE_1.11.0/STM32CubeIDE/plugins/com.st.stm32cube.ide.mcu.externaltools.gnu-tools-for-stm32.13.3.rel1.win32_1.0.0.202411081344/tools/bin/../lib/gcc/arm-none-eabi/13.3.1/thumb/v7e-m+fp/hard\libgcc.a(_udivmoddi4.o)

.debug_line_str
                0x00000000       0x75
 .debug_line_str
                0x00000000       0x75 ./Core/Startup/startup_stm32f411ceux.o
